[INFO] Scanning for projects...
[WARNING] 
[WARNING] Some problems were encountered while building the effective model for com.dataforge:data-forge-web:jar:1.0.0-SNAPSHOT
[WARNING] 'build.plugins.plugin.(groupId:artifactId)' must be unique but found duplicate declaration of plugin org.apache.maven.plugins:maven-compiler-plugin @ line 285, column 21
[WARNING] 
[WARNING] It is highly recommended to fix these problems because they threaten the stability of your build.
[WARNING] 
[WARNING] For this reason, future Maven versions might no longer support building such malformed projects.
[WARNING] 
[INFO] 
[INFO] --------------------< com.dataforge:data-forge-web >--------------------
[INFO] Building DataForge Web 1.0.0-SNAPSHOT
[INFO]   from pom.xml
[INFO] --------------------------------[ jar ]---------------------------------
[INFO] 
[INFO] --- resources:3.3.1:resources (default-resources) @ data-forge-web ---
[INFO] Copying 1 resource from src\main\resources to target\classes
[INFO] Copying 0 resource from src\main\resources to target\classes
[INFO] 
[INFO] --- compiler:3.11.0:compile (default-compile) @ data-forge-web ---
[INFO] Nothing to compile - all classes are up to date
[INFO] 
[INFO] --- resources:3.3.1:testResources (default-testResources) @ data-forge-web ---
[INFO] Copying 1 resource from src\test\resources to target\test-classes
[INFO] 
[INFO] --- compiler:3.11.0:testCompile (default-testCompile) @ data-forge-web ---
[INFO] Nothing to compile - all classes are up to date
[INFO] 
[INFO] --- jacoco:0.8.11:prepare-agent (jacoco-initialize) @ data-forge-web ---
[INFO] jacoco.agent.argLine set to -javaagent:D:\\repo\\org\\jacoco\\org.jacoco.agent\\0.8.11\\org.jacoco.agent-0.8.11-runtime.jar=destfile=F:\\projects\\DataForge-spring-main\\DataForge-spring-main\\data-forge-web\\target\\jacoco.exec,append=true
[INFO] 
[INFO] --- surefire:3.0.0:test (default-test) @ data-forge-web ---
[INFO] Using auto detected provider org.apache.maven.surefire.junitplatform.JUnitPlatformProvider
[INFO] 
[INFO] -------------------------------------------------------
[INFO]  T E S T S
[INFO] -------------------------------------------------------
[INFO] Running com.dataforge.web.service.impl.DataTemplateServiceImplTest
[ERROR] Tests run: 11, Failures: 4, Errors: 5, Skipped: 0, Time elapsed: 1.144 s <<< FAILURE! - in com.dataforge.web.service.impl.DataTemplateServiceImplTest
[ERROR] com.dataforge.web.service.impl.DataTemplateServiceImplTest.deleteTemplate_Success  Time elapsed: 0.027 s  <<< FAILURE!
org.mockito.exceptions.verification.TooManyActualInvocations: 

cacheManager.evict(<any string>);
Wanted 1 time:
-> at com.dataforge.web.cache.MultiLevelCacheManager.evict(MultiLevelCacheManager.java:111)
But was 2 times:
-> at com.dataforge.web.service.impl.DataTemplateServiceImpl.clearTemplateCaches(DataTemplateServiceImpl.java:195)
-> at com.dataforge.web.service.impl.DataTemplateServiceImpl.clearTemplateCaches(DataTemplateServiceImpl.java:196)


	at com.dataforge.web.cache.MultiLevelCacheManager.evict(MultiLevelCacheManager.java:111)
	at com.dataforge.web.service.impl.DataTemplateServiceImplTest.deleteTemplate_Success(DataTemplateServiceImplTest.java:230)
	at java.base/java.lang.reflect.Method.invoke(Method.java:580)
	at java.base/java.util.ArrayList.forEach(ArrayList.java:1596)
	at java.base/java.util.ArrayList.forEach(ArrayList.java:1596)

[ERROR] com.dataforge.web.service.impl.DataTemplateServiceImplTest.updateTemplate_Success  Time elapsed: 0.009 s  <<< FAILURE!
org.mockito.exceptions.verification.TooManyActualInvocations: 

cacheManager.evict(<any string>);
Wanted 1 time:
-> at com.dataforge.web.cache.MultiLevelCacheManager.evict(MultiLevelCacheManager.java:111)
But was 2 times:
-> at com.dataforge.web.service.impl.DataTemplateServiceImpl.clearTemplateCaches(DataTemplateServiceImpl.java:195)
-> at com.dataforge.web.service.impl.DataTemplateServiceImpl.clearTemplateCaches(DataTemplateServiceImpl.java:196)


	at com.dataforge.web.cache.MultiLevelCacheManager.evict(MultiLevelCacheManager.java:111)
	at com.dataforge.web.service.impl.DataTemplateServiceImplTest.updateTemplate_Success(DataTemplateServiceImplTest.java:110)
	at java.base/java.lang.reflect.Method.invoke(Method.java:580)
	at java.base/java.util.ArrayList.forEach(ArrayList.java:1596)
	at java.base/java.util.ArrayList.forEach(ArrayList.java:1596)

[ERROR] com.dataforge.web.service.impl.DataTemplateServiceImplTest.deleteTemplateByName_Success  Time elapsed: 0.005 s  <<< FAILURE!
org.mockito.exceptions.verification.TooManyActualInvocations: 

cacheManager.evict(<any string>);
Wanted 1 time:
-> at com.dataforge.web.cache.MultiLevelCacheManager.evict(MultiLevelCacheManager.java:111)
But was 2 times:
-> at com.dataforge.web.service.impl.DataTemplateServiceImpl.clearTemplateCaches(DataTemplateServiceImpl.java:195)
-> at com.dataforge.web.service.impl.DataTemplateServiceImpl.clearTemplateCaches(DataTemplateServiceImpl.java:196)


	at com.dataforge.web.cache.MultiLevelCacheManager.evict(MultiLevelCacheManager.java:111)
	at com.dataforge.web.service.impl.DataTemplateServiceImplTest.deleteTemplateByName_Success(DataTemplateServiceImplTest.java:247)
	at java.base/java.lang.reflect.Method.invoke(Method.java:580)
	at java.base/java.util.ArrayList.forEach(ArrayList.java:1596)
	at java.base/java.util.ArrayList.forEach(ArrayList.java:1596)

[ERROR] com.dataforge.web.service.impl.DataTemplateServiceImplTest.getTemplateByName_Success  Time elapsed: 0.005 s  <<< ERROR!
java.lang.NullPointerException: Cannot invoke "java.lang.Long.longValue()" because the return value of "org.mockito.ArgumentMatchers.any()" is null
	at com.dataforge.web.service.impl.DataTemplateServiceImplTest.getTemplateByName_Success(DataTemplateServiceImplTest.java:180)
	at java.base/java.lang.reflect.Method.invoke(Method.java:580)
	at java.base/java.util.ArrayList.forEach(ArrayList.java:1596)
	at java.base/java.util.ArrayList.forEach(ArrayList.java:1596)

[ERROR] com.dataforge.web.service.impl.DataTemplateServiceImplTest.getTemplateById_CacheHit  Time elapsed: 0.002 s  <<< ERROR!
org.mockito.exceptions.misusing.UnfinishedVerificationException: 

Missing method call for verify(mock) here:
-> at com.dataforge.web.service.impl.DataTemplateServiceImplTest.getTemplateByName_Success(DataTemplateServiceImplTest.java:180)

Example of correct verification:
    verify(mock).doSomething()

Also, this error might show up because you verify either of: final/private/equals()/hashCode() methods.
Those methods *cannot* be stubbed/verified.
Mocking methods declared on non-public parent classes is not supported.

	at org.mockito.junit.jupiter.MockitoExtension.beforeEach(MockitoExtension.java:159)
	at java.base/java.util.ArrayList.forEach(ArrayList.java:1596)
	at java.base/java.util.ArrayList.forEach(ArrayList.java:1596)
	Suppressed: java.lang.NullPointerException: Cannot invoke "java.util.Set.forEach(java.util.function.Consumer)" because the return value of "org.junit.jupiter.api.extension.ExtensionContext$Store.remove(Object, java.lang.Class)" is null
		at org.mockito.junit.jupiter.MockitoExtension.afterEach(MockitoExtension.java:190)
		... 2 more

[ERROR] com.dataforge.web.service.impl.DataTemplateServiceImplTest.getAllTemplates_Success  Time elapsed: 0.001 s  <<< ERROR!
org.mockito.exceptions.misusing.InvalidUseOfMatchersException: 

Misplaced or misused argument matcher detected here:

-> at com.dataforge.web.service.impl.DataTemplateServiceImplTest.getTemplateByName_Success(DataTemplateServiceImplTest.java:180)
-> at com.dataforge.web.service.impl.DataTemplateServiceImplTest.getTemplateByName_Success(DataTemplateServiceImplTest.java:180)
-> at com.dataforge.web.service.impl.DataTemplateServiceImplTest.getTemplateByName_Success(DataTemplateServiceImplTest.java:180)

You cannot use argument matchers outside of verification or stubbing.
Examples of correct usage of argument matchers:
    when(mock.get(anyInt())).thenReturn(null);
    doThrow(new RuntimeException()).when(mock).someVoidMethod(any());
    verify(mock).someMethod(contains("foo"))

This message may appear after an NullPointerException if the last matcher is returning an object 
like any() but the stubbed method signature expect a primitive argument, in this case,
use primitive alternatives.
    when(mock.get(any())); // bad use, will raise NPE
    when(mock.get(anyInt())); // correct usage use

Also, this error might show up because you use argument matchers with methods that cannot be mocked.
Following methods *cannot* be stubbed/verified: final/private/equals()/hashCode().
Mocking methods declared on non-public parent classes is not supported.

	at org.mockito.junit.jupiter.MockitoExtension.beforeEach(MockitoExtension.java:159)
	at java.base/java.util.ArrayList.forEach(ArrayList.java:1596)
	at java.base/java.util.ArrayList.forEach(ArrayList.java:1596)
	Suppressed: java.lang.NullPointerException: Cannot invoke "java.util.Set.forEach(java.util.function.Consumer)" because the return value of "org.junit.jupiter.api.extension.ExtensionContext$Store.remove(Object, java.lang.Class)" is null
		at org.mockito.junit.jupiter.MockitoExtension.afterEach(MockitoExtension.java:190)
		... 2 more

[ERROR] com.dataforge.web.service.impl.DataTemplateServiceImplTest.createTemplate_Success  Time elapsed: 0.004 s  <<< FAILURE!
org.mockito.exceptions.verification.TooManyActualInvocations: 

cacheManager.evict(<any string>);
Wanted 1 time:
-> at com.dataforge.web.cache.MultiLevelCacheManager.evict(MultiLevelCacheManager.java:111)
But was 2 times:
-> at com.dataforge.web.service.impl.DataTemplateServiceImpl.clearTemplateCaches(DataTemplateServiceImpl.java:195)
-> at com.dataforge.web.service.impl.DataTemplateServiceImpl.clearTemplateCaches(DataTemplateServiceImpl.java:196)


	at com.dataforge.web.cache.MultiLevelCacheManager.evict(MultiLevelCacheManager.java:111)
	at com.dataforge.web.service.impl.DataTemplateServiceImplTest.createTemplate_Success(DataTemplateServiceImplTest.java:66)
	at java.base/java.lang.reflect.Method.invoke(Method.java:580)
	at java.base/java.util.ArrayList.forEach(ArrayList.java:1596)
	at java.base/java.util.ArrayList.forEach(ArrayList.java:1596)

[ERROR] com.dataforge.web.service.impl.DataTemplateServiceImplTest.getTemplateById_CacheMiss  Time elapsed: 0.005 s  <<< ERROR!
java.lang.NullPointerException: Cannot invoke "java.lang.Long.longValue()" because the return value of "org.mockito.ArgumentMatchers.any()" is null
	at com.dataforge.web.service.impl.DataTemplateServiceImplTest.getTemplateById_CacheMiss(DataTemplateServiceImplTest.java:161)
	at java.base/java.lang.reflect.Method.invoke(Method.java:580)
	at java.base/java.util.ArrayList.forEach(ArrayList.java:1596)
	at java.base/java.util.ArrayList.forEach(ArrayList.java:1596)

[ERROR] com.dataforge.web.service.impl.DataTemplateServiceImplTest.getTemplates_Pageable_Success  Time elapsed: 0.001 s  <<< ERROR!
org.mockito.exceptions.misusing.UnfinishedVerificationException: 

Missing method call for verify(mock) here:
-> at com.dataforge.web.service.impl.DataTemplateServiceImplTest.getTemplateById_CacheMiss(DataTemplateServiceImplTest.java:161)

Example of correct verification:
    verify(mock).doSomething()

Also, this error might show up because you verify either of: final/private/equals()/hashCode() methods.
Those methods *cannot* be stubbed/verified.
Mocking methods declared on non-public parent classes is not supported.

	at org.mockito.junit.jupiter.MockitoExtension.beforeEach(MockitoExtension.java:159)
	at java.base/java.util.ArrayList.forEach(ArrayList.java:1596)
	at java.base/java.util.ArrayList.forEach(ArrayList.java:1596)
	Suppressed: java.lang.NullPointerException: Cannot invoke "java.util.Set.forEach(java.util.function.Consumer)" because the return value of "org.junit.jupiter.api.extension.ExtensionContext$Store.remove(Object, java.lang.Class)" is null
		at org.mockito.junit.jupiter.MockitoExtension.afterEach(MockitoExtension.java:190)
		... 2 more

[INFO] 
[INFO] Results:
[INFO] 
[ERROR] Failures: 
[ERROR]   DataTemplateServiceImplTest.createTemplate_Success:66 
cacheManager.evict(<any string>);
Wanted 1 time:
-> at com.dataforge.web.cache.MultiLevelCacheManager.evict(MultiLevelCacheManager.java:111)
But was 2 times:
-> at com.dataforge.web.service.impl.DataTemplateServiceImpl.clearTemplateCaches(DataTemplateServiceImpl.java:195)
-> at com.dataforge.web.service.impl.DataTemplateServiceImpl.clearTemplateCaches(DataTemplateServiceImpl.java:196)


[ERROR]   DataTemplateServiceImplTest.deleteTemplateByName_Success:247 
cacheManager.evict(<any string>);
Wanted 1 time:
-> at com.dataforge.web.cache.MultiLevelCacheManager.evict(MultiLevelCacheManager.java:111)
But was 2 times:
-> at com.dataforge.web.service.impl.DataTemplateServiceImpl.clearTemplateCaches(DataTemplateServiceImpl.java:195)
-> at com.dataforge.web.service.impl.DataTemplateServiceImpl.clearTemplateCaches(DataTemplateServiceImpl.java:196)


[ERROR]   DataTemplateServiceImplTest.deleteTemplate_Success:230 
cacheManager.evict(<any string>);
Wanted 1 time:
-> at com.dataforge.web.cache.MultiLevelCacheManager.evict(MultiLevelCacheManager.java:111)
But was 2 times:
-> at com.dataforge.web.service.impl.DataTemplateServiceImpl.clearTemplateCaches(DataTemplateServiceImpl.java:195)
-> at com.dataforge.web.service.impl.DataTemplateServiceImpl.clearTemplateCaches(DataTemplateServiceImpl.java:196)


[ERROR]   DataTemplateServiceImplTest.updateTemplate_Success:110 
cacheManager.evict(<any string>);
Wanted 1 time:
-> at com.dataforge.web.cache.MultiLevelCacheManager.evict(MultiLevelCacheManager.java:111)
But was 2 times:
-> at com.dataforge.web.service.impl.DataTemplateServiceImpl.clearTemplateCaches(DataTemplateServiceImpl.java:195)
-> at com.dataforge.web.service.impl.DataTemplateServiceImpl.clearTemplateCaches(DataTemplateServiceImpl.java:196)


[ERROR] Errors: 
[ERROR]   DataTemplateServiceImplTest.getAllTemplates_Success » InvalidUseOfMatchers 
Misplaced or misused argument matcher detected here:

-> at com.dataforge.web.service.impl.DataTemplateServiceImplTest.getTemplateByName_Success(DataTemplateServiceImplTest.java:180)
-> at com.dataforge.web.service.impl.DataTemplateServiceImplTest.getTemplateByName_Success(DataTemplateServiceImplTest.java:180)
-> at com.dataforge.web.service.impl.DataTemplateServiceImplTest.getTemplateByName_Success(DataTemplateServiceImplTest.java:180)

You cannot use argument matchers outside of verification or stubbing.
Examples of correct usage of argument matchers:
    when(mock.get(anyInt())).thenReturn(null);
    doThrow(new RuntimeException()).when(mock).someVoidMethod(any());
    verify(mock).someMethod(contains("foo"))

This message may appear after an NullPointerException if the last matcher is returning an object 
like any() but the stubbed method signature expect a primitive argument, in this case,
use primitive alternatives.
    when(mock.get(any())); // bad use, will raise NPE
    when(mock.get(anyInt())); // correct usage use

Also, this error might show up because you use argument matchers with methods that cannot be mocked.
Following methods *cannot* be stubbed/verified: final/private/equals()/hashCode().
Mocking methods declared on non-public parent classes is not supported.

[ERROR]   DataTemplateServiceImplTest.getTemplateById_CacheHit » UnfinishedVerification 
Missing method call for verify(mock) here:
-> at com.dataforge.web.service.impl.DataTemplateServiceImplTest.getTemplateByName_Success(DataTemplateServiceImplTest.java:180)

Example of correct verification:
    verify(mock).doSomething()

Also, this error might show up because you verify either of: final/private/equals()/hashCode() methods.
Those methods *cannot* be stubbed/verified.
Mocking methods declared on non-public parent classes is not supported.

[ERROR]   DataTemplateServiceImplTest.getTemplateById_CacheMiss:161 NullPointer Cannot invoke "java.lang.Long.longValue()" because the return value of "org.mockito.ArgumentMatchers.any()" is null
[ERROR]   DataTemplateServiceImplTest.getTemplateByName_Success:180 NullPointer Cannot invoke "java.lang.Long.longValue()" because the return value of "org.mockito.ArgumentMatchers.any()" is null
[ERROR]   DataTemplateServiceImplTest.getTemplates_Pageable_Success » UnfinishedVerification 
Missing method call for verify(mock) here:
-> at com.dataforge.web.service.impl.DataTemplateServiceImplTest.getTemplateById_CacheMiss(DataTemplateServiceImplTest.java:161)

Example of correct verification:
    verify(mock).doSomething()

Also, this error might show up because you verify either of: final/private/equals()/hashCode() methods.
Those methods *cannot* be stubbed/verified.
Mocking methods declared on non-public parent classes is not supported.

[INFO] 
[ERROR] Tests run: 11, Failures: 4, Errors: 5, Skipped: 0
[INFO] 
[INFO] ------------------------------------------------------------------------
[INFO] BUILD FAILURE
[INFO] ------------------------------------------------------------------------
[INFO] Total time:  3.267 s
[INFO] Finished at: 2026-01-31T13:07:46+08:00
[INFO] ------------------------------------------------------------------------
[ERROR] Failed to execute goal org.apache.maven.plugins:maven-surefire-plugin:3.0.0:test (default-test) on project data-forge-web: There are test failures.
[ERROR] 
[ERROR] Please refer to F:\projects\DataForge-spring-main\DataForge-spring-main\data-forge-web\target\surefire-reports for the individual test results.
[ERROR] Please refer to dump files (if any exist) [date].dump, [date]-jvmRun[N].dump and [date].dumpstream.
[ERROR] -> [Help 1]
[ERROR] 
[ERROR] To see the full stack trace of the errors, re-run Maven with the -e switch.
[ERROR] Re-run Maven using the -X switch to enable full debug logging.
[ERROR] 
[ERROR] For more information about the errors and possible solutions, please read the following articles:
[ERROR] [Help 1] http://cwiki.apache.org/confluence/display/MAVEN/MojoFailureException
